// Jest Snapshot v1, https://goo.gl/fbAQLP

exports[`some test 1`] = `Object {}`;
